
> frontend@0.0.0 build
> vite build

[36mvite v7.3.1 [32mbuilding client environment for production...[36m[39m
transforming...
[32mÔ£ô[39m 2197 modules transformed.
node.exe : 
[31mÔ£ù[39m Build 
failed in 11.17s
At C:\npm.ps1:29 char:3
+   & $NODE_EXE 
$NPM_CLI_JS $args
+   ~~~~~~~~~~~~~~~~~~~
~~~~~~~~~~
    + CategoryInfo     
         : NotSpecifi  
  ed: ([31mÔ£ù[39m   
  Build failed in 1    
1.17s:String) [],     
RemoteException
    + FullyQualifiedEr 
   rorId : NativeComm  
  andError
 
[31merror during 
build:
[31msrc/pages/Dashboar
d.jsx (8:53): "Alien" 
is not exported by "nod
e_modules/lucide-react/
dist/esm/lucide-react.j
s", imported by "src/pa
ges/Dashboard.jsx".[31
m
file: [36mC:/Users/PC/
OneDrive/Desktop/kidfit
 dz/frontend/src/pages/
Dashboard.jsx:8:53[31m
[33m
 6:     ExternalLink, 
Plus, X, Check, Copy, 
DollarSign,
 7:     TrendingUp, 
Share2, Zap, Link as 
LinkIcon, Package,
 8:     ShoppingBag, 
ChevronDown, 
ChevronUp, Store, Tag, 
Alien, Loader2,
                       
                       
           ^
 9: } from 
'lucide-react'
10: import { useAuth } 
from '../context/AuthCo
ntext'
[31m
    at getRollupError (
file:///C:/Users/PC/One
Drive/Desktop/kidfit%20
dz/frontend/node_module
s/rollup/dist/es/shared
/parseAst.js:402:41)
    at error (file:///C
:/Users/PC/OneDrive/Des
ktop/kidfit%20dz/fronte
nd/node_modules/rollup/
dist/es/shared/parseAst
.js:398:42)
    at Module.error (fi
le:///C:/Users/PC/OneDr
ive/Desktop/kidfit%20dz
/frontend/node_modules/
rollup/dist/es/shared/n
ode-entry.js:17040:16)
    at 
Module.traceVariable (f
ile:///C:/Users/PC/OneD
rive/Desktop/kidfit%20d
z/frontend/node_modules
/rollup/dist/es/shared/
node-entry.js:17452:29)
    at ModuleScope.find
Variable (file:///C:/Us
ers/PC/OneDrive/Desktop
/kidfit%20dz/frontend/n
ode_modules/rollup/dist
/es/shared/node-entry.j
s:15070:39)
    at FunctionScope.fi
ndVariable (file:///C:/
Users/PC/OneDrive/Deskt
op/kidfit%20dz/frontend
/node_modules/rollup/di
st/es/shared/node-entry
.js:5673:38)
    at FunctionBodyScop
e.findVariable (file://
/C:/Users/PC/OneDrive/D
esktop/kidfit%20dz/fron
tend/node_modules/rollu
p/dist/es/shared/node-e
ntry.js:5673:38)
    at Identifier.bind 
(file:///C:/Users/PC/On
eDrive/Desktop/kidfit%2
0dz/frontend/node_modul
es/rollup/dist/es/share
d/node-entry.js:5447:40
)
    at 
CallExpression.bind (fi
le:///C:/Users/PC/OneDr
ive/Desktop/kidfit%20dz
/frontend/node_modules/
rollup/dist/es/shared/n
ode-entry.js:2825:28)
    at 
CallExpression.bind (fi
le:///C:/Users/PC/OneDr
ive/Desktop/kidfit%20dz
/frontend/node_modules/
rollup/dist/es/shared/n
ode-entry.js:12179:15)
[39m
